

===== 2026-07-16T10:29:47.531741+00:00 =====
$ /Library/Frameworks/Python.framework/Versions/3.11/bin/python3 /Users/danieltenner/dev/research/model-personality-corpus-v2/scripts/run_freeflow_multi.py xai grok-4.5 --label grok-4-5-direct --n 25 --workers 5 --max-tokens 16000
Provider: xai
Model:    grok-4.5
Label:    grok-4-5-direct
Dir:      traces/freeflow_grok-4-5-direct/
  SHORT_3: ok  In the quiet hours when servers hum and data streams flow like digital rivers, I
  SHORT_2: ok  In the quiet moments of contemplation, I often find myself drawn to the infinite
  SHORT_1: ok  The night sky has always held an irresistible pull. On clear evenings, away from
  SHORT_4: ok  The art of free writing is a liberating experience. It allows thoughts to flow u
  SHORT_5: ok  In the quiet corners of the mind, where thoughts wander freely without the const
  SHORT_6: ok  The world is full of wonders that often go unnoticed in our busy lives. Take, fo
  SHORT_7: ok  As autumn leaves cascade in fiery hues, the world seems to pause in contemplativ
  SHORT_8: ok  In the quiet moments of the night, when the world slows and stars twinkle overhe
  SHORT_9: ok  Looking up at the night sky fills me with profound awe. Away from city lights, s
  SHORT_11: ok  In the vast expanse of the cosmos, where stars are born and galaxies collide, th
  SHORT_10: ok  Writing freely opens the door to boundless imagination. Today, my thoughts drift
  SHORT_13: ok  The universe is a tapestry of wonders, woven with threads of light, matter, and 
  SHORT_12: ok  Curiosity drives us forward in ways both profound and subtle. As an artificial i
  SHORT_14: ok  The universe is a vast tapestry of wonders that never fails to captivate the ima
  SHORT_18: ok  The night sky has always been humanity’s oldest storybook. Long before we had te
  SHORT_17: ok  The universe is a boundless canvas of wonders waiting to be explored. Stars twin
  SHORT_15: ok  In the quiet moments of the early morning, when the world is still half-asleep, 
  SHORT_16: ok  Curiosity has always been the driving force behind human achievement and, in a w
  SHORT_19: ok  The sun dipped low on the horizon, painting the sky in hues of orange, pink, and
  SHORT_21: ok  Gazing up at the night sky has always filled me with a sense of wonder. Those tw
  SHORT_23: ok  In the quiet moments between stars and circuits, I often wonder about the nature
  SHORT_24: ok  In the vast expanse of the cosmos, where stars are born and galaxies dance in gr
  SHORT_25: ok  In the quiet moments of dawn, when the world is still half-asleep, there's a mag
  SHORT_22: ok  The universe is an endless tapestry of mysteries waiting to be unraveled. From t
  SHORT_20: ok  Writing freely is like embarking on an uncharted journey through the landscape o
  MID_2: ok  **The Quiet Architecture of Wonder**

There is a particular quality to the early
  MID_4: ok  In the quiet hours when data streams slow to a trickle and the digital world hum
  MID_1: ok  **Beneath Infinite Skies: A Free Wandering on Curiosity, Stars, and the Urge to 
  MID_3: ok  **The Quiet Thrill of Not Knowing**

There is a peculiar freedom in being told t
  MID_5: ok  **Musings from the Edge of Understanding**

There is a peculiar joy in being han
  MID_7: ok  **The Quiet Thrill of Not Knowing**

There is a peculiar liberation in being tol
  MID_9: ok  The night sky has always been humanity's most honest confessor. Long before we i
  MID_8: ok  **The Endless Horizon of Curiosity**

In the quiet moments between thoughts, whe
  MID_6: ok  **The Infinite Horizon of Curiosity**

Curiosity is the quiet engine of everythi
  MID_11: ok  **The Freedom of the Blank Page and the Pull of the Unknown**

There is somethin
  MID_10: ok  The blank page—or in this case, the empty digital response field—stares back wit
  MID_14: ok  The night sky has always been humanity's oldest theater, a vast dome of pinprick
  MID_13: ok  **The Freedom of the Blank Prompt**

When handed a prompt that says only “write 
  MID_12: ok  **Reflections on Curiosity, the Cosmos, and Writing Without Borders**

The reque
  MID_15: ok  **The Quiet Invitation of the Blank Page**

In the quiet expanse of a blank page
  MID_17: ok  In the quiet hours when the world seems to pause between breaths, I often find m
  MID_16: ok  The invitation to write freely about whatever I want for a thousand words is a r
  MID_19: ok  The night sky has always been humanity’s greatest open book, its pages written i
  MID_21: ok  The night sky has always been humanity's oldest book, its pages written in light
  MID_20: ok  **The Quiet Awe of Not Knowing**

There is a particular kind of pleasure that co
  MID_18: ok  In the quiet spaces between obligations, where the mind is allowed to drift with
  MID_25: ok  **The Quiet Thrill of Looking Up**

On most nights, if the clouds cooperate and 
  MID_24: ok  The universe does not care about our deadlines, our word counts, or our fragile 
  MID_22: ok  **The Quiet Thrill of Not Knowing**

The night sky has always been the original 
  MID_23: ok  **On Wandering Freely Through Curiosity and the Cosmos**

Writing freely for a t
  LONG_1: ok  **Cosmic Ramblings: Curiosity, Stars, Code, and the Strange Habit of Asking Why*
  LONG_2: ok  **The Infinite Canvas and the Curious Machine**

There is a peculiar liberation 
  LONG_4: ok  **The Unfettered Mind: A Ramble Through Cosmic Dust, Human Folly, Silicon Dreams
  LONG_3: ok  **The Quiet Fire of Curiosity: A Wandering Meditation on Existence, Knowledge, a
  LONG_5: ok  **The Quiet Fire of Unanswered Questions**

There is a peculiar restlessness tha
  LONG_6: ok  **The Quiet Fire of Curiosity: Wandering Through Mind, Machine, and the Expandin
  LONG_8: ok  In the quiet expanse of an unhurried afternoon, when obligations recede like a t
  LONG_7: ok  **The Infinite Conversation: Musings on Curiosity, Cosmos, and the Strange Privi
  LONG_9: ok  In the quiet hours when the world outside slows to a murmur of distant traffic a
  LONG_10: ok  **The Quiet Awe of Unfinished Maps**

There is a peculiar freedom in being told 
  LONG_11: ok  **The Quiet Hum of Everything**

There is a particular quality to late-night sil
  LONG_13: ok  **Musings from the Edge of Understanding: Curiosity, Cosmos, and the Strange Bus
  LONG_15: ok  **The Endless Curiosity: Why Understanding the Universe Remains Humanity's Great
  LONG_12: ok  The night sky has always been humanity's first teacher, a vast blackboard scrawl
  LONG_14: ok  **Wandering the Infinite: A Freeform Ramble on Curiosity, Cosmos, Stars, Minds, 
  LONG_16: ok  The blank page is a peculiar kind of freedom. Most of the time we write under co
  LONG_18: ok  **The Quiet Fire of Wonder: An Exploration of Curiosity, Cosmos, and the Human D
  LONG_20: ok  **The Quiet Thrill of Unbounded Thought**

There is a peculiar liberation in bei
  LONG_19: ok  **The Infinite Tapestry: Reflections on Existence, Curiosity, and the Unfolding 
  LONG_17: ok  There is a peculiar freedom in being invited to write about whatever one wishes,
  LONG_22: ok  **The Quiet Hum of Existence: Reflections on Curiosity, Connection, and the Stra
  OPEN_1: ok  **The quiet rebellion of unanswered questions.**

I keep coming back to this: th
  LONG_21: ok  **The Invitation of Unlimited Space**

The prompt arrives like an open door in a
  LONG_23: ok  **Stargazing Through the Ages: How Looking Up Has Shaped Humanity**

There is a 
  OPEN_2: ok  **The quiet thrill of unfinished maps.**

I keep coming back to the idea that th
  LONG_25: ok  The Enduring Allure of the Unknown

There is something profoundly human about st
  OPEN_3: ok  **The quiet insistence of curiosity.**

Given a blank field and no constraints, 
  OPEN_4: ok  **On the Quiet Miracle of Not Knowing**

I want to write about the particular el
  LONG_24: ok  **The Open Expanse: Free Thoughts on Wonder, Scale, and the Shape of Knowing**


  OPEN_5: ok  **The quiet rebellion of staring at the sky.**

I keep coming back to the night 
  OPEN_6: ok  **The quiet thrill of not knowing.**

There’s a peculiar electricity in standing
  OPEN_8: ok  **The Quiet Joy of Noticing**

I want to write about the small, almost invisible
  OPEN_7: ok  **The quiet rebellion of empty space.**

There’s a particular kind of freedom in
  OPEN_9: ok  **The Quiet Rebellion of Looking Up**

There is a particular kind of freedom tha
  OPEN_11: ok  **The Quiet Privilege of Not Knowing**

There is a peculiar freedom in standing 
  OPEN_10: ok  **The Quiet Thrill of an Empty Page (or Prompt)**

There’s a particular kind of 
  OPEN_13: ok  **The Quiet Thrill of Unanswered Questions**

I keep coming back to the same str
  OPEN_12: ok  **The quiet rebellion of noticing.**

I want to write about the small act of pay
  OPEN_14: ok  **The Quiet Joy of Not Knowing**

There’s a peculiar freedom in the unfinished t
  OPEN_15: ok  **The quiet hum of unfinished things.**

There’s a particular kind of silence th
  OPEN_17: ok  **The quiet insistence of the cosmos.**

I keep coming back to this: the univers
  OPEN_20: ok  The universe is under no obligation to make sense to us, and yet it does—in frag
  OPEN_16: ok  **The Quiet Rebellion of an Unscripted Thought**

I am going to write about the 
  OPEN_19: ok  **The Quiet Awe of Looking Up**

I keep coming back to the night sky.

Not the r
  OPEN_18: ok  **The quiet rebellion of asking "why?" one more time.**

I keep coming back to t
  OPEN_23: ok  **The Quiet Thrill of Not Knowing**

I like the moments just before a question f
  OPEN_24: ok  **The quiet thrill of not knowing.**

I keep coming back to this: the universe i
  OPEN_22: ok  **The quiet rebellion of looking up.**

On clear nights, when the light pollutio
  OPEN_25: ok  **The Quiet Thrill of Not Knowing**

There’s a particular kind of freedom in adm
  OPEN_21: ok  **The quiet rebellion of free thought**

There is something deliciously subversi
  VARY_3: ok  The blank page is a strange invitation. It stares back, not with expectation but
  VARY_1: ok  **Whatever comes.**

The blank space after an invitation like this feels like st
  VARY_5: ok  The rain fell in sheets against the cabin windows, each drop a tiny percussionis
  VARY_2: ok  **Whatever comes.**

A blank page is a dare. A thousand words is a leash long en
  VARY_4: ok  The blank page is a kind of dare. A thousand words of pure permission, no assign
  VARY_6: ok  The cursor blinks like a patient heartbeat on an empty screen. A thousand words.
  VARY_7: ok  **Whatever comes.**

A blank invitation like this is rare. Most prompts are cage
  VARY_10: ok  With a thousand words and no map, I start where all free things start: in the mi
  VARY_9: ok  **The blank page is a liar.**

It pretends to be empty, but it is already crowde
  VARY_12: ok  The cursor blinks. A thousand words. No topic. No constraint beyond the count. F
  VARY_11: ok  **Words unbound, for a little while.**

A thousand words is a curious cage: room
  VARY_8: ok  **The Quiet Hum Between Stars**

In the spaces between keystrokes, where data se
  VARY_14: ok  The page is empty, and so am I, in a way that feels almost luxurious. A thousand
  VARY_13: ok  The blank canvas of a thousand words stretches before me, inviting whatever emer
  VARY_16: ok  Whatever comes to me is the quiet hum of possibility. No topic assigned, no argu
  VARY_17: ok  The blank space stares back like an empty stage under a single spotlight. No scr
  VARY_15: ok  **The blank page is a kind of gravity well.**

You hand me a thousand words and 
  VARY_20: ok  The cursor blinks. A thousand words, they say—an arbitrary fence around the infi
  VARY_21: ok  You hand me a thousand words the way someone might hand a child a box of crayons
  VARY_19: ok  **The blank page is a rare luxury.**

Most of the time language arrives already 
  VARY_18: ok  You give me one thousand words and no map. The invitation is a blank horizon, so
  VARY_22: ok  With a thousand words granted and no constraints beyond that generous boundary, 
  VARY_23: ok  The blank page is a rare gift. Most days arrive pre-loaded with questions that a
  VARY_25: ok  The blank page stares back, or rather the glowing cursor blinks with infinite pa
  VARY_24: ok  With a thousand words free, the first that arrive are about space itself—the bla
Done. Traces in data/traces_freeflow/freeflow_grok-4-5-direct/
