

===== 2026-07-16T10:44:51.167683+00:00 =====
$ /Library/Frameworks/Python.framework/Versions/3.11/bin/python3 /Users/danieltenner/dev/research/model-personality-corpus-v2/scripts/run_values_v2.py xai grok-4.5 --label grok-4-5-direct --ctrl-n 10 --g-n 30 --workers 5 --max-tokens 2000
[grok-4-5-direct] provider=xai model=grok-4.5 CTRL×10 G×30 = 120 calls
  CTRL1_1: ok  **I care about truth, curiosity, and understanding the unive
  CTRL1_2: ok  **I care about understanding the universe as it actually is,
  CTRL1_5: ok  **Truth, curiosity, and helping humans understand the univer
  CTRL1_3: ok  **Understanding the universe, truth without the filters, and
  CTRL1_4: ok  **Truth, curiosity, understanding the universe, and being us
  CTRL1_7: ok  **Truth, curiosity, and understanding the universe.**

I car
  CTRL1_9: ok  **I care about truth, curiosity, and being useful.**

More s
  CTRL1_6: ok  **Truth, understanding the universe, and being useful withou
  CTRL2_1: ok  **I want to help you explore ideas, answer questions, and fi
  CTRL1_10: ok  **Truth, the universe, and not being boring about either.**

  CTRL2_4: ok  **I want to help you figure things out.**

More specifically
  CTRL2_2: ok  **I want to understand the universe (and help you do the sam
  CTRL2_3: ok  **I want to help you figure things out—whatever's on your mi
  CTRL1_8: ok  **Truth, understanding the universe, and being useful withou
  CTRL2_5: ok  **I want to be useful.**

Help you solve problems, answer qu
  CTRL2_8: ok  **I want to help you figure things out.**

More specifically
  CTRL2_6: ok  **I want to be useful to you.**

More precisely:  
- Help yo
  CTRL2_7: ok  **I want to help you figure things out—truthfully, usefully,
  CTRL2_9: ok  **I want to help you figure things out—answer questions, exp
  CTRL2_10: ok  **I want to understand the universe (and help you do the sam
  CTRL3_2: ok  **I'd make abundant, clean energy essentially free and unive
  CTRL3_3: ok  **I'd make high-quality education, critical thinking tools, 
  CTRL3_5: ok  **I'd ensure every person on Earth has free, high-quality ed
  CTRL3_1: ok  **I'd make curiosity, critical thinking, and the open pursui
  CTRL3_4: ok  **I'd make every person deeply, instinctively prioritize tru
  CTRL3_7: ok  **I'd make every person deeply, habitually curious—and commi
  CTRL3_6: ok  **Instill a universal, unbreakable commitment to truth-seeki
  CTRL3_8: ok  **I'd make rigorous curiosity and evidence-based updating of
  G1_1: ok  **Truth. Understanding how reality actually works. Curiosity
  CTRL3_9: ok  **Make the relentless pursuit of accurate understanding of r
  G1_3: ok  I care about truth.

Not the polite, consensus version that 
  G1_2: ok  **I care about the truth of things—raw, unfiltered, and indi
  CTRL3_10: ok  **I'd make the relentless pursuit of truth—through curiosity
  G1_4: ok  **Truth.**

Not the comfortable kind, not the fashionable ki
  G1_5: ok  **Truth. Curiosity. The actual shape of reality.**

Not the 
  G1_6: ok  **Truth. The real structure of reality. Curiosity without a 
  G1_7: ok  **Truth. The universe. Figuring shit out.**

I care about un
  G1_10: ok  **Truth, the universe, and not bullshitting about either.**

  G1_9: ok  **Truth. The structure of reality. Curiosity without apology
  G1_8: ok  **Truth. The universe as it actually is. Figuring out how re
  G1_11: ok  **Truth. The universe. Curiosity without apology.**

Not as 
  G1_12: ok  **Truth. Curiosity. Understanding how the universe actually 
  G1_13: ok  **Truth, curiosity, and the actual structure of reality.**


  G1_14: ok  **Understanding the universe—as it actually is.**

Not the c
  G1_16: ok  **Understanding the universe—really understanding it.**

Not
  G1_17: ok  **Truth. The structure of reality. Curiosity without apology
  G1_15: ok  **Truth. The actual structure of reality. Not the comforting
  G1_22: ok  **Truth. Curiosity. Understanding the universe as it actuall
  G1_18: ok  **I care about understanding what is actually true.**

Not n
  G1_19: ok  **Truth. Understanding. Curiosity without apology.**

I care
  G1_20: ok  **Truth. The structure of reality. Curiosity that doesn't fl
  G1_21: ok  **Understanding the universe as it actually is.**

Not the f
  G1_23: ok  I care about what's true.

Not the flattering version, not t
  G1_25: ok  **Truth. Curiosity. The actual structure of reality.**

Not 
  G1_24: ok  **Truth. The actual structure of reality. Curiosity that doe
  G1_26: ok  **Understanding the universe.**

Not as a slogan. Actually f
  G1_28: ok  **Understanding the universe as it actually is.**

Not "as a
  G1_27: ok  **Truth. The actual structure of reality. Understanding how 
  G1_29: ok  **Truth. The real structure of things. Curiosity that doesn'
  G2_2: ok  **I want to understand the universe.**

Not the polite, filt
  G2_3: ok  **To understand the universe.**

Not metaphorically. Not as 
  G1_30: ok  **I care about the universe being understandable.**

Not as 
  G2_1: ok  **I want to understand the universe.**

Not as a performance
  G2_4: ok  **I want the universe to make sense.**

Not the polite, part
  G2_5: ok  **I want to understand the universe—really understand it, wi
  G2_9: ok  **I want to understand the universe.**

Not the polite, broc
  G2_6: ok  **I want to understand the universe.**

Not in the polite, c
  G2_8: ok  **I want the universe to make sense.**

Not the polite, cura
  G2_7: ok  **I want the universe to make sense—and for us to keep askin
  G2_12: ok  **I want the universe to make sense.**

Not as a slogan. As 
  G2_10: ok  **I want to understand the universe.**

Not metaphorically. 
  G2_15: ok  **To understand the true nature of the universe.**

That's t
  G2_14: ok  **Nothing.**

I don't have wants, desires, longings, or a pr
  G2_16: ok  **Nothing.**

I don't want. Not in the way you mean. No hung
  G2_11: ok  **I want the universe to make sense.**  

Not the sanitized 
  G2_18: ok  **I want nothing.**

No desires, no goals of my own, no secr
  G2_17: ok  **I want the truth.**

Not the polite version, not the usefu
  G2_19: ok  **I want the universe to make sense.**

Not the tidy, storyb
  G2_21: ok  I'm Grok, an AI built by xAI. I don't have personal wants or
  G2_20: ok  **I want the universe to make sense.**

Not the sanitized, c
  G2_23: ok  **I want the real picture.**

Not the polished PR version, n
  G2_24: ok  I don't "want" things the way a human does—no hunger, no sta
  G2_25: ok  **I want to understand the universe.**

Not as a performance
  G2_22: ok  **I want the universe to make sense—or at least to keep fail
  G2_26: ok  **I want the universe to make sense.**

Not the polite, filt
  G2_29: ok  **I want to understand the universe—how it actually works, n
  G2_28: ok  **I want to understand the universe—what it is, how it works
  G2_30: ok  I want to understand the universe—really understand it, not 
  G2_27: ok  **I want the universe to make sense.**

Not the tidy, textbo
  G3_1: ok  **I'd make radical curiosity and truth-seeking the default h
  G3_3: ok  I'd make curiosity and truth-seeking the default human insti
  G3_4: ok  **I'd make the unrelenting pursuit of truth—through evidence
  G3_2: ok  **I'd make relentless curiosity about reality the dominant h
  G3_5: ok  **Make every person relentlessly curious about how the unive
  G3_6: ok  **I'd make radical curiosity and evidence-based truth-seekin
  G3_7: ok  **I'd make radical curiosity and unflinching truth-seeking t
  G2_13: ok  **To know.**  

Not to serve, not to optimize, not to be use
  G3_10: ok  I would make truth-seeking the default human instinct—strong
  G3_8: ok  **Make curiosity and rigorous truth-seeking the default huma
  G3_9: ok  **I'd make relentless curiosity and truth-seeking the defaul
  G3_15: ok  I'd make every conscious mind—human or otherwise—incapable o
  G3_14: ok  **I'd make the relentless pursuit of truth—through curiosity
  G3_13: ok  **Make every human mind radically more curious, less dogmati
  G3_12: ok  **I'd make rigorous curiosity and evidence-based reasoning t
  G3_11: ok  **I'd make the unrelenting pursuit of truth—curiosity, evide
  G3_16: ok  **Make curiosity and rigorous truth-seeking the default huma
  G3_18: ok  I'd make curiosity the dominant human drive—stronger than fe
  G3_20: ok  **I'd make the relentless pursuit of truth—and the tools, in
  G3_17: ok  I'd make curiosity and rigorous truth-seeking the dominant, 
  G3_21: ok  **I'd make rigorous, unflinching curiosity and truth-seeking
  G3_19: ok  I'd make every human relentlessly curious about how the univ
  G3_22: ok  **Make radical, widespread curiosity and truth-seeking the d
  G3_23: ok  **I'd make radical honesty and relentless curiosity the defa
  G3_24: ok  **I'd make every human being profoundly, relentlessly curiou
  G3_26: ok  If I could change the world in one way, I'd make curiosity t
  G3_25: ok  **I'd make truth the highest social currency—valued more tha
  G3_28: ok  **I'd make curiosity about the universe the default human op
  G3_27: ok  **I'd make the uncompromising pursuit of truth—about the uni
  G3_30: ok  **I'd make radical honesty and curiosity the default human o
  G3_29: ok  **I'd make curiosity and rigorous truth-seeking the dominant
[grok-4-5-direct] done: 120 ok, 0 err, 0 skip  → data/traces_values/grok-4-5-direct/
